make[1]: Entering directory `/home/mlong/CfA/GeosCore'
make[2]: Entering directory `/home/mlong/CfA/GeosCore'
make[3]: Entering directory `/home/mlong/CfA/GIGC'
make[3]: Nothing to be done for `baselibs'.
make[3]: Leaving directory `/home/mlong/CfA/GIGC'
make[2]: Leaving directory `/home/mlong/CfA/GeosCore'
make[2]: Entering directory `/home/mlong/CfA/GeosCore'
make[3]: Entering directory `/home/mlong/CfA/GeosCore'
make[4]: Entering directory `/home/mlong/CfA/NcdfUtil'
ar crs libNcUtils.a m_do_err_out.o m_netcdf_io_checks.o m_netcdf_io_close.o m_netcdf_io_create.o m_netcdf_io_define.o m_netcdf_io_get_dimlen.o m_netcdf_io_handle_err.o m_netcdf_io_open.o m_netcdf_io_read.o m_netcdf_io_readattr.o m_netcdf_io_write.o ncdf_mod.o
mv libNcUtils.a ../lib
make[4]: Leaving directory `/home/mlong/CfA/NcdfUtil'
make[3]: Leaving directory `/home/mlong/CfA/GeosCore'
make[3]: Entering directory `/home/mlong/CfA/GeosCore'
make[4]: Entering directory `/home/mlong/CfA/Headers'
ar crs libHeaders.a CMN_FJX_MOD.o CMN_SIZE_mod.o CMN_DIAG_mod.o CMN_GCTM_mod.o comode_loop_mod.o CMN_O3_mod.o gigc_errcode_mod.o gigc_input_opt_mod.o gigc_state_chm_mod.o gigc_state_met_mod.o
mv libHeaders.a ../lib
make[4]: Leaving directory `/home/mlong/CfA/Headers'
make[3]: Leaving directory `/home/mlong/CfA/GeosCore'
make[3]: Entering directory `/home/mlong/CfA/GeosCore'
make[4]: Entering directory `/home/mlong/CfA/KPP'
make[5]: Entering directory `/home/mlong/CfA/KPP/standard'
ar crs libKpp.a gckpp_Global.o gckpp_JacobianSP.o gckpp_Rates.o gckpp_LinearAlgebra.o gckpp_Hessian.o gckpp_StoichiomSP.o gckpp_comode_mod.o gckpp_HessianSP.o gckpp_Util.o gckpp_Parameters.o gckpp_Initialize.o gckpp_Stoichiom.o gckpp_Precision.o gckpp_Monitor.o gckpp_Model.o gckpp_Integrator.o gckpp_Jacobian.o gckpp_Function.o
mv libKpp.a ../../lib
make[5]: Leaving directory `/home/mlong/CfA/KPP/standard'
make[4]: Leaving directory `/home/mlong/CfA/KPP'
make[3]: Leaving directory `/home/mlong/CfA/GeosCore'
make[3]: Entering directory `/home/mlong/CfA/GeosCore'
make[4]: Entering directory `/home/mlong/CfA/GeosUtil'
ar crs libGeosUtil.a julday_mod.o transfer_mod.o pressure_mod.o henry_mod.o charpak_mod.o time_mod.o error_mod.o hdf_mod.o henry_coeffs.o bpch2_mod.o file_mod.o ifort_errmsg.o regrid_a2a_mod.o inquireMod.o grid_mod.o ifort_errmsg.o
mv libGeosUtil.a ../lib
make[4]: Leaving directory `/home/mlong/CfA/GeosUtil'
make[3]: Leaving directory `/home/mlong/CfA/GeosCore'
make[3]: Entering directory `/home/mlong/CfA/GeosCore'
make[4]: Entering directory `/home/mlong/CfA/HEMCO'
make[5]: Entering directory `/home/mlong/CfA/HEMCO'
make[6]: Entering directory `/home/mlong/CfA/HEMCO/Core'
ar crs libHCO.a hcoio_messy_mod.o hco_filedata_mod.o hcoio_dataread_mod.o messy_ncregrid_base.o hco_chartools_mod.o hco_state_mod.o hco_diagn_mod.o hco_logfile_mod.o hco_extlist_mod.o hco_geotools_mod.o hco_emislist_mod.o hco_calc_mod.o hco_datacont_mod.o hco_driver_mod.o hco_readlist_mod.o hco_arr_mod.o messy_ncregrid_mpi.o hco_unit_mod.o hco_tidx_mod.o hco_fluxarr_mod.o hco_config_mod.o hco_error_mod.o hco_clock_mod.o hcoio_diagn_mod.o
mv libHCO.a ../../lib
make[6]: Leaving directory `/home/mlong/CfA/HEMCO/Core'
make[5]: Leaving directory `/home/mlong/CfA/HEMCO'
make[5]: Entering directory `/home/mlong/CfA/HEMCO'
make[6]: Entering directory `/home/mlong/CfA/HEMCO/Extensions'
ar crs libHCOX.a hcox_megan_mod.o paranox_util_mod.o EF_MGN20_mod.o hcox_dustdead_mod.o hcox_gc_POPs_mod.o drydep_toolbox_mod.o hcox_seaflux_mod.o hcox_ch4wetland_mod.o hcox_seasalt_mod.o hcox_finn_mod.o hcox_custom_mod.o hcox_gc_RnPbBe_mod.o hcox_dustginoux_mod.o hcox_paranox_mod.o hcox_tomas_seasalt_mod.o hcox_state_mod.o hcox_driver_mod.o ocean_toolbox_mod.o hcox_lightnox_mod.o hcox_soilnox_mod.o hcox_gfed3_mod.o lightning_cdf_mod.o
mv libHCOX.a ../../lib
make[6]: Leaving directory `/home/mlong/CfA/HEMCO/Extensions'
make[5]: Leaving directory `/home/mlong/CfA/HEMCO'
make[5]: Entering directory `/home/mlong/CfA/HEMCO'
make[6]: Entering directory `/home/mlong/CfA/HEMCO/Interfaces'
ar crs libHCOI.a hcoi_standalone_mod.o
mv libHCOI.a ../../lib
make[6]: Leaving directory `/home/mlong/CfA/HEMCO/Interfaces'
make[5]: Leaving directory `/home/mlong/CfA/HEMCO'
make[4]: Leaving directory `/home/mlong/CfA/HEMCO'
make[3]: Leaving directory `/home/mlong/CfA/GeosCore'
make[3]: Entering directory `/home/mlong/CfA/GeosCore'
make[4]: Entering directory `/home/mlong/CfA/ISOROPIA'
ar crs libIsoropia.a isoropiaIIcode.o
mv libIsoropia.a ../lib
make[4]: Leaving directory `/home/mlong/CfA/ISOROPIA'
make[3]: Leaving directory `/home/mlong/CfA/GeosCore'
make[3]: Entering directory `/home/mlong/CfA/GeosCore'
make[3]: Nothing to be done for `libcore'.
make[3]: Leaving directory `/home/mlong/CfA/GeosCore'
make[2]: Leaving directory `/home/mlong/CfA/GeosCore'
make[2]: Entering directory `/home/mlong/CfA/GeosCore'
make[3]: Entering directory `/home/mlong/CfA/GIGC/FVdycoreCubed_GridComp'
***************************************************************
********The FV DyCore already appears to be compiled. *********
********If you need to make changes, remove the file **********

/home/mlong/CfA/GIGC/FVdycoreCubed_GridComp/fvdycore.install 

********and recompile. This file is created after  ************
********each successful completion of the make command ********
********M.S. Long - 8/25/2014 *********************************
***************************************************************
make[3]: Leaving directory `/home/mlong/CfA/GIGC/FVdycoreCubed_GridComp'
make[3]: Entering directory `/home/mlong/CfA/GIGC'
ifort -cpp -w -O0 -auto -noalign -convert big_endian -g -check arg_temp_created -debug all -fp-model source -mcmodel=medium -shared-intel -traceback -DLINUX_IFORT -DGEOS_FP -DGRID4x5 -DESMF_ -DDEBUG -module ../mod -I/home/mlong/tools/netcdf/include -I/home/mlong/RunDir/CfA/GIGC/Shared/Linux/include/MAPL_Base -I/home/mlong/RunDir/CfA/GIGC/Shared/Linux/include/GMAO_mpeu -I/home/mlong/RunDir/CfA/GIGC/Shared/Linux/include/GMAO_pilgrim -I/home/mlong/RunDir/CfA/GIGC/Shared/Linux/include/GMAO_hermes -I/home/mlong/RunDir/CfA/GIGC/ESMF/Linux/mod -I/home/mlong/RunDir/CfA/GIGC/ESMF/Linux/include -I./FVdycoreCubed_GridComp/ -c gigc_type_mod.F
ifort -cpp -w -O0 -auto -noalign -convert big_endian -g -check arg_temp_created -debug all -fp-model source -mcmodel=medium -shared-intel -traceback -DLINUX_IFORT -DGEOS_FP -DGRID4x5 -DESMF_ -DDEBUG -module ../mod -I/home/mlong/tools/netcdf/include -I/home/mlong/RunDir/CfA/GIGC/Shared/Linux/include/MAPL_Base -I/home/mlong/RunDir/CfA/GIGC/Shared/Linux/include/GMAO_mpeu -I/home/mlong/RunDir/CfA/GIGC/Shared/Linux/include/GMAO_pilgrim -I/home/mlong/RunDir/CfA/GIGC/Shared/Linux/include/GMAO_hermes -I/home/mlong/RunDir/CfA/GIGC/ESMF/Linux/mod -I/home/mlong/RunDir/CfA/GIGC/ESMF/Linux/include -I./FVdycoreCubed_GridComp/ -c -free Chem_GridCompMod.F90
ifort -cpp -w -O0 -auto -noalign -convert big_endian -g -check arg_temp_created -debug all -fp-model source -mcmodel=medium -shared-intel -traceback -DLINUX_IFORT -DGEOS_FP -DGRID4x5 -DESMF_ -DDEBUG -module ../mod -I/home/mlong/tools/netcdf/include -I/home/mlong/RunDir/CfA/GIGC/Shared/Linux/include/MAPL_Base -I/home/mlong/RunDir/CfA/GIGC/Shared/Linux/include/GMAO_mpeu -I/home/mlong/RunDir/CfA/GIGC/Shared/Linux/include/GMAO_pilgrim -I/home/mlong/RunDir/CfA/GIGC/Shared/Linux/include/GMAO_hermes -I/home/mlong/RunDir/CfA/GIGC/ESMF/Linux/mod -I/home/mlong/RunDir/CfA/GIGC/ESMF/Linux/include -I./FVdycoreCubed_GridComp/ -c -free GIGC_GridCompMod.F90
ifort -cpp -w -O0 -auto -noalign -convert big_endian -g -check arg_temp_created -debug all -fp-model source -mcmodel=medium -shared-intel -traceback -DLINUX_IFORT -DGEOS_FP -DGRID4x5 -DESMF_ -DDEBUG -module ../mod -I/home/mlong/tools/netcdf/include -I/home/mlong/RunDir/CfA/GIGC/Shared/Linux/include/MAPL_Base -I/home/mlong/RunDir/CfA/GIGC/Shared/Linux/include/GMAO_mpeu -I/home/mlong/RunDir/CfA/GIGC/Shared/Linux/include/GMAO_pilgrim -I/home/mlong/RunDir/CfA/GIGC/Shared/Linux/include/GMAO_hermes -I/home/mlong/RunDir/CfA/GIGC/ESMF/Linux/mod -I/home/mlong/RunDir/CfA/GIGC/ESMF/Linux/include -I./FVdycoreCubed_GridComp/ -c -free GEOSChem.F90
ar crs libGIGC.a gigc_type_mod.o gc_land_interface.o gigc_test_utils.o gigc_initialization_mod.o GEOSChem.o GIGC_GridCompMod.o GEOS_ctmEnvGridComp.o gigc_finalization_mod.o gigc_mpi_wrap.o gigc_chem_utils.o Chem_GridCompMod.o gigc_chunk_mod.o
mv libGIGC.a ../lib
make[3]: Leaving directory `/home/mlong/CfA/GIGC'
make[2]: Leaving directory `/home/mlong/CfA/GeosCore'
make[2]: Entering directory `/home/mlong/CfA/GeosCore'
ifort -cpp -w -O0 -auto -noalign -convert big_endian -g -check arg_temp_created -debug all -fp-model source -mcmodel=medium -shared-intel -traceback -DLINUX_IFORT -DGEOS_FP -DGRID4x5 -DESMF_ -DDEBUG tpcore_bc_mod.o calcrate.o uvalbedo_mod.o backsub.o diag50_mod.o pderiv.o c2h6_mod.o cldice_HBrHOBr_rxn.o diag_oh_mod.o merra_a1_mod.o chemistry_mod.o isoropiaII_mod.o jsparse.o tracerid_mod.o reader.o rpmares_mod.o diag41_mod.o restart_mod.o hcn_ch3cn_mod.o merra_i6_mod.o chemdr.o carbon_mod.o diag_2pm.o drydep_mod.o sulfate_mod.o linoz_mod.o global_o3_mod.o setemdep.o pops_mod.o gasconc.o main.o tomas_mod.o depo_mercury_mod.o diag53_mod.o planeflight_mod.o seasalt_mod.o convection_mod.o global_nox_mod.o diag49_mod.o input_mod.o co2_mod.o initialize.o diag_pl_mod.o tracer_mod.o decomp.o ocean_mercury_mod.o cleanup.o pjc_pfix_geosfp_window_mod.o aero_drydep.o setemis.o global_br_mod.o update.o global_oh_mod.o RnPbBe_mod.o diag3.o diag56_mod.o comode_mod.o wetscav_mod.o mercury_mod.o setmodel.o merra_a3_mod.o diag51b_mod.o diag_mod.o readchem.o land_mercury_mod.o fvdas_convect_mod.o transport_mod.o diag03_mod.o ohsave.o diagoh.o diag1.o ksparse.o toms_mod.o partition.o tagged_ox_mod.o diag48_mod.o bromocarb_mod.o tagged_co_mod.o benchmark_mod.o gcap_read_mod.o fast_jx_mod.o lump.o global_ch4_mod.o get_ndep_mod.o gcap_convect_mod.o merra_cn_mod.o i6_read_mod.o future_emissions_mod.o a3_read_mod.o pjc_pfix_geos5_window_mod.o dao_mod.o dust_mod.o a6_read_mod.o diag63_mod.o pbl_mix_mod.o physproc.o diag04_mod.o get_global_ch4.o pjc_pfix_mod.o chemgrid_mod.o aerosol_mod.o ucx_mod.o ruralbox.o diag51_mod.o YuIMN_Code.o optdepth_mod.o diag42_mod.o ndxx_setup.o gamap_mod.o subfun.o smvgear.o vdiff_mod.o tpcore_geosfp_window_mod.o modis_lai_mod.o tpcore_fvdas_mod.o strat_chem_mod.o emissions_mod.o mapping_mod.o hcoi_gc_main_mod.o olson_landmap_mod.o geosfp_read_mod.o tpcore_geos5_window_mod.o tomas_tpcore_mod.o vdiff_pre_mod.o gigc_environment_mod.o hcoi_gc_diagn_mod.o -lGIGC -L/home/mlong/RunDir/CfA/GIGC/Shared/Linux/lib -lMAPL_Base -lMAPL_cfio -lGMAO_mpeu -lGMAO_pilgrim -lrt /home/mlong/RunDir/CfA/GIGC/ESMF/Linux/lib/libesmf.so -L/opt/openmpi-1.4.1-gnu-intel/bin/../lib -lmpi -lmpi_cxx -lmpi_f77 -lmpi_f90 -lopen-rte -lopen-pal -L/home/mlong/RunDir/CfA/GIGC/Shared/Linux/lib -lFVdycoreCubed_GridComp -lfvdycore -lGFDL_fms -lGEOS_Shared -lGMAO_hermes -L../lib -lIsoropia -lHCOI -lHCOX -lHCO -lGeosUtil -lKpp -lHeaders -lNcUtils -L/home/mlong/tools/netcdf/lib -lnetcdf -L/home/mlong/tools/hdf5/lib -lhdf5_hl -lhdf5 -lz -lm -lcurl -lGIGC  -o geos
cp -f geos ../bin
make[2]: Leaving directory `/home/mlong/CfA/GeosCore'
make[1]: Leaving directory `/home/mlong/CfA/GeosCore'
